#0 building with "desktop-linux" instance using docker driver

#1 [internal] load build definition from Dockerfile
#1 transferring dockerfile: 6.89kB done
#1 DONE 0.0s

#2 [auth] library/node:pull token for registry-1.docker.io
#2 DONE 0.0s

#3 [internal] load metadata for docker.io/library/node:22-alpine
#3 DONE 1.6s

#4 [internal] load .dockerignore
#4 transferring context: 521B done
#4 DONE 0.0s

#5 [ml-deps 1/6] FROM docker.io/library/node:22-alpine@sha256:c610fcdfb1d5b4740dd70c284ed3cb16bb857e0f7166196e36a5501df7a3aa32
#5 resolve docker.io/library/node:22-alpine@sha256:c610fcdfb1d5b4740dd70c284ed3cb16bb857e0f7166196e36a5501df7a3aa32 0.0s done
#5 CACHED

#6 [internal] load build context
#6 transferring context: 26.26kB 0.0s done
#6 DONE 0.1s

#7 [deps 6/7] COPY prisma.config.ts ./
#7 CACHED

#8 [deps 3/7] WORKDIR /app
#8 CACHED

#9 [deps 5/7] COPY prisma ./prisma
#9 CACHED

#10 [deps 7/7] RUN npm ci --include=dev
#10 CACHED

#11 [deps 2/7] RUN apk add --no-cache libc6-compat openssl
#11 CACHED

#12 [deps 4/7] COPY package.json package-lock.json* ./
#12 CACHED

#13 [builder 4/7] COPY --from=deps /app/node_modules ./node_modules
#13 CACHED

#14 [builder 5/7] COPY . .
#14 DONE 0.1s

#15 [ml-deps 2/6] RUN apk add --no-cache python3 python3-dev py3-pip       gcc musl-dev linux-headers g++ make       fortify-headers libffi-dev openssl-dev
#15 ...

#16 [builder 6/7] RUN npx prisma generate
#16 1.704 Γùç injected env (0) from .env.local // tip: Γîÿ override existing { override: true }
#16 1.714 Loaded Prisma config from prisma.config.ts.
#16 1.714 
#16 1.777 Prisma schema loaded from prisma/schema.prisma.
#16 2.461 
#16 2.461 Γ£ö Generated Prisma Client (v7.9.1) to ./node_modules/@prisma/client in 493ms
#16 2.461 
#16 2.461 Start by importing your Prisma Client (See: https://pris.ly/d/importing-client)
#16 2.461 
#16 2.461 
#16 DONE 2.5s

#17 [builder 7/7] RUN npm run build
#17 0.504 
#17 0.504 > cafesmart@0.1.0 build
#17 0.504 > next build
#17 0.504 
#17 0.963 Γû▓ Next.js 16.3.0 (Turbopack)
#17 0.995 Γ£ô Running next.config.ts took 31ms
#17 1.008 
#17 1.052   Creating an optimized production build ...
#17 14.18 Γ£ô Compiled successfully in 12.8s
#17 14.19   Running TypeScript ...
#17 ...

#15 [ml-deps 2/6] RUN apk add --no-cache python3 python3-dev py3-pip       gcc musl-dev linux-headers g++ make       fortify-headers libffi-dev openssl-dev
#15 17.54 ( 1/40) Upgrading libcrypto3 (3.5.7-r0 -> 3.5.8-r0)
#15 30.32 ( 2/40) Upgrading libssl3 (3.5.7-r0 -> 3.5.8-r0)
#15 ...

#17 [builder 7/7] RUN npm run build
#17 28.04   Finished TypeScript in 13.9s ...
#17 28.04   Collecting page data using 7 workers ...
#17 30.13   Generating static pages using 7 workers (0/58) ...
#17 30.41   Generating static pages using 7 workers (14/58) 
#17 30.62   Generating static pages using 7 workers (28/58) 
#17 30.86   Generating static pages using 7 workers (43/58) 
#17 30.94 Γ£ô Generating static pages using 7 workers (58/58) in 812ms
#17 30.95   Finalizing page optimization ...
#17 31.60 
#17 31.60 Route (app)
#17 31.60 Γöî ╞Æ /
#17 31.60 Γö£ Γùï /_not-found
#17 31.60 Γö£ ╞Æ /admin/analytics
#17 31.60 Γö£ ╞Æ /admin/cook-plan
#17 31.60 Γö£ ╞Æ /admin/dashboard
#17 31.60 Γö£ ╞Æ /admin/inventory
#17 31.60 Γö£ ╞Æ /admin/menu
#17 31.60 Γö£ ╞Æ /admin/orders
#17 31.60 Γö£ ╞Æ /admin/settings
#17 31.60 Γö£ ╞Æ /api/admin/academic-calendar
#17 31.60 Γö£ ╞Æ /api/admin/academic-calendar/[id]
#17 31.60 Γö£ ╞Æ /api/admin/analytics/demand-segments
#17 31.60 Γö£ ╞Æ /api/admin/analytics/model-health
#17 31.60 Γö£ ╞Æ /api/admin/analytics/wastage
#17 31.60 Γö£ ╞Æ /api/admin/cook-plan
#17 31.60 Γö£ ╞Æ /api/admin/cook-plan/[id]
#17 31.60 Γö£ ╞Æ /api/admin/cook-plan/confirm
#17 31.60 Γö£ ╞Æ /api/admin/dashboard
#17 31.60 Γö£ ╞Æ /api/admin/dashboard/smart-discounts
#17 31.60 Γö£ ╞Æ /api/admin/flash-deals
#17 31.60 Γö£ ╞Æ /api/admin/flash-deals/[id]
#17 31.60 Γö£ ╞Æ /api/admin/forecasts/latest
#17 31.60 Γö£ ╞Æ /api/admin/forecasts/retrain
#17 31.60 Γö£ ╞Æ /api/admin/forecasts/trigger
#17 31.60 Γö£ ╞Æ /api/admin/ingredients
#17 31.60 Γö£ ╞Æ /api/admin/ingredients/[id]
#17 31.60 Γö£ ╞Æ /api/admin/inventory
#17 31.60 Γö£ ╞Æ /api/admin/inventory/history
#17 31.60 Γö£ ╞Æ /api/admin/menu
#17 31.60 Γö£ ╞Æ /api/admin/menu/[id]
#17 31.60 Γö£ ╞Æ /api/admin/menu/[id]/daily-special
#17 31.60 Γö£ ╞Æ /api/admin/orders/queue
#17 31.60 Γö£ ╞Æ /api/admin/orders/scan
#17 31.60 Γö£ ╞Æ /api/admin/orders/status
#17 31.60 Γö£ ╞Æ /api/admin/procurement/alerts
#17 31.60 Γö£ ╞Æ /api/admin/procurement/check
#17 31.60 Γö£ ╞Æ /api/admin/procurement/po
#17 31.60 Γö£ ╞Æ /api/admin/procurement/resolve
#17 31.60 Γö£ ╞Æ /api/auth/[...nextauth]
#17 31.60 Γö£ ╞Æ /api/cron/nightly-forecast
#17 31.60 Γö£ ╞Æ /api/cron/post-cutoff-cook-plan
#17 31.60 Γö£ ╞Æ /api/cron/smart-discount-check
#17 31.60 Γö£ ╞Æ /api/cron/weekly-retrain
#17 31.60 Γö£ ╞Æ /api/ml/health
#17 31.60 Γö£ ╞Æ /api/student/cart/apply-flash-deal
#17 31.60 Γö£ ╞Æ /api/student/flash-deals
#17 31.60 Γö£ ╞Æ /api/student/group-orders
#17 31.60 Γö£ ╞Æ /api/student/group-orders/[id]
#17 31.60 Γö£ ╞Æ /api/student/group-orders/[id]/checkout
#17 31.60 Γö£ ╞Æ /api/student/group-orders/[id]/items
#17 31.60 Γö£ ╞Æ /api/student/group-orders/[id]/items/[itemId]
#17 31.60 Γö£ ╞Æ /api/student/group-orders/init
#17 31.60 Γö£ ╞Æ /api/student/group-orders/join
#17 31.60 Γö£ ╞Æ /api/student/orders
#17 31.60 Γö£ ╞Æ /api/student/profile
#17 31.60 Γö£ ╞Æ /api/student/wallet
#17 31.60 Γö£ ╞Æ /api/student/wallet/topup
#17 31.60 Γö£ ╞Æ /api/wallet/webhook
#17 31.60 Γö£ Γùï /forbidden
#17 31.60 Γö£ Γùï /login
#17 31.60 Γö£ Γùï /socket-test
#17 31.60 Γö£ ╞Æ /student/analytics
#17 31.60 Γö£ ╞Æ /student/group-order
#17 31.60 Γö£ ╞Æ /student/home
#17 31.60 Γö£ Γùï /student/onboarding
#17 31.60 Γö£ ╞Æ /student/orders
#17 31.60 Γö£ ╞Æ /student/profile
#17 31.60 Γö£ ╞Æ /student/rewards
#17 31.60 Γö£ ╞Æ /student/wallet
#17 31.60 Γöö Γùï /ui-test
#17 31.60 
#17 31.60 
#17 31.60 ╞Æ Proxy (Middleware)
#17 31.60 
#17 31.60 Γùï  (Static)   prerendered as static content
#17 31.60 ╞Æ  (Dynamic)  server-rendered on demand
#17 31.60 
#17 DONE 31.9s

#15 [ml-deps 2/6] RUN apk add --no-cache python3 python3-dev py3-pip       gcc musl-dev linux-headers g++ make       fortify-headers libffi-dev openssl-dev
#15 32.54 ( 3/40) Installing fortify-headers (3.0.1-r2)
#15 32.65 ( 4/40) Installing libstdc++-dev (15.2.0-r5)
#15 ...

#18 [runner  3/15] RUN apk add --no-cache python3 py3-pip
#18 CACHED

#19 [runner  2/15] WORKDIR /app
#19 CACHED

#20 [runner  4/15] RUN addgroup --system --gid 1001 nodejs &&     adduser  --system --uid 1001 nextjs
#20 CACHED

#21 [runner  5/15] COPY --from=builder --chown=nextjs:nodejs /app/.next/standalone ./
#21 DONE 0.6s

#15 [ml-deps 2/6] RUN apk add --no-cache python3 python3-dev py3-pip       gcc musl-dev linux-headers g++ make       fortify-headers libffi-dev openssl-dev
#15 ...

#22 [runner  6/15] COPY --from=builder --chown=nextjs:nodejs /app/.next/static ./.next/static
#22 DONE 0.3s

#23 [runner  7/15] COPY --from=builder --chown=nextjs:nodejs /app/public ./public
#23 DONE 0.1s

#24 [runner  8/15] COPY --from=builder --chown=nextjs:nodejs /app/prisma ./prisma
#24 DONE 0.1s

#15 [ml-deps 2/6] RUN apk add --no-cache python3 python3-dev py3-pip       gcc musl-dev linux-headers g++ make       fortify-headers libffi-dev openssl-dev
#15 ...

#25 [runner  9/15] COPY --from=builder --chown=nextjs:nodejs /app/node_modules/.prisma ./node_modules/.prisma
#25 DONE 0.1s

#15 [ml-deps 2/6] RUN apk add --no-cache python3 python3-dev py3-pip       gcc musl-dev linux-headers g++ make       fortify-headers libffi-dev openssl-dev
#15 55.96 ( 5/40) Installing jansson (2.15.0-r0)
#15 56.32 ( 6/40) Installing zstd-libs (1.5.7-r2)
#15 58.70 ( 7/40) Installing binutils (2.45.1-r1)
#15 78.19 ( 8/40) Installing libgcc-static (15.2.0-r5)
#15 89.74 ( 9/40) Installing libgomp (15.2.0-r5)
#15 90.69 (10/40) Installing libatomic (15.2.0-r5)
#15 90.82 (11/40) Installing gmp (6.3.0-r4)
#15 92.69 (12/40) Installing isl26 (0.26-r2)
#15 98.48 (13/40) Installing mpfr4 (4.2.2-r0)
#15 100.2 (14/40) Installing mpc1 (1.3.1-r1)
#15 100.6 (15/40) Installing gcc (15.2.0-r5)
#15 413.8 (16/40) Installing musl-dev (1.2.6-r2)
#15 433.6 (17/40) Installing g++ (15.2.0-r5)
#15 535.7 (18/40) Installing linux-headers (7.0.0-r1)
#15 548.2 (19/40) Installing libffi (3.5.2-r1)
#15 548.4 (20/40) Installing pkgconf (2.5.1-r0)
#15 549.3 (21/40) Installing libffi-dev (3.5.2-r1)
#15 550.0 (22/40) Installing make (4.4.1-r4)
#15 550.6 (23/40) Installing openssl-dev (3.5.8-r0)
#15 553.4 (24/40) Installing libexpat (2.8.3-r0)
#15 553.9 (25/40) Installing libbz2 (1.0.8-r6)
#15 554.1 (26/40) Installing gdbm (1.26-r0)
#15 554.3 (27/40) Installing xz-libs (5.8.3-r0)
#15 555.4 (28/40) Installing mpdecimal (4.0.1-r0)
#15 556.0 (29/40) Installing ncurses-terminfo-base (6.6_p20260516-r0)
#15 556.2 (30/40) Installing libncursesw (6.6_p20260516-r0)
#15 557.3 (31/40) Installing libpanelw (6.6_p20260516-r0)
#15 557.4 (32/40) Installing readline (8.3.3-r1)
#15 558.0 (33/40) Installing sqlite-libs (3.53.4-r0)
#15 561.7 (34/40) Installing python3 (3.14.7-r1)
#15 612.5 (35/40) Installing python3-pycache-pyc0 (3.14.7-r1)
#15 640.9 (36/40) Installing pyc (3.14.7-r1)
#15 640.9 (37/40) Installing py3-pip-pyc (26.1.2-r0)
#15 650.9 (38/40) Installing python3-pyc (3.14.7-r1)
#15 650.9 (39/40) Installing py3-pip (26.1.2-r0)
#15 657.6 (40/40) Installing python3-dev (3.14.7-r1)
#15 918.8 Executing busybox-1.37.0-r31.trigger
#15 918.8 OK: 422.3 MiB in 56 packages
#15 DONE 918.9s

#26 [ml-deps 3/6] WORKDIR /ml
#26 DONE 0.5s

#27 [ml-deps 4/6] COPY ml-service/requirements.txt ./requirements.txt
#27 DONE 0.0s

#28 [ml-deps 5/6] RUN pip wheel --no-cache-dir         --wheel-dir=/wheels -r requirements.txt
#28 2.822 Collecting fastapi>=0.100.0 (from -r requirements.txt (line 1))
#28 3.144   Downloading fastapi-0.141.1-py3-none-any.whl.metadata (27 kB)
#28 3.705 Collecting uvicorn>=0.23.0 (from uvicorn[standard]>=0.23.0->-r requirements.txt (line 2))
#28 3.786   Downloading uvicorn-0.52.4-py3-none-any.whl.metadata (6.6 kB)
#28 5.274 Collecting scikit-learn>=1.3.0 (from -r requirements.txt (line 3))
#28 5.410   Downloading scikit_learn-1.9.0.tar.gz (7.8 MB)
#28 29.57      ΓöüΓöüΓöüΓöüΓöüΓöüΓöüΓöüΓöüΓöüΓöüΓöüΓöüΓöüΓöüΓöüΓöüΓöüΓöüΓöüΓöüΓöüΓöüΓöüΓöüΓöüΓöüΓöüΓöüΓöüΓöüΓöüΓöüΓöüΓöüΓöüΓöüΓöüΓöüΓöü 7.8/7.8 MB 329.5 kB/s  0:00:24
#28 30.19   Installing build dependencies: started
#28 55.40   Installing build dependencies: finished with status 'done'
#28 55.40   Getting requirements to build wheel: started
#28 55.71   Getting requirements to build wheel: finished with status 'done'
#28 55.72   Installing backend dependencies: started
#28 64.07   Installing backend dependencies: finished with status 'done'
#28 64.07   Preparing metadata (pyproject.toml): started
#28 124.3   Preparing metadata (pyproject.toml): still running...
#28 186.6   Preparing metadata (pyproject.toml): still running...
#28 239.7   Preparing metadata (pyproject.toml): finished with status 'done'
#28 241.1 Collecting pandas>=2.1.0 (from -r requirements.txt (line 4))
#28 241.2   Downloading pandas-3.0.5-cp314-cp314-musllinux_1_2_x86_64.whl.metadata (79 kB)
#28 243.2 Collecting numpy>=1.25.0 (from -r requirements.txt (line 5))
#28 243.3   Downloading numpy-2.5.2-cp314-cp314-musllinux_1_2_x86_64.whl.metadata (6.6 kB)
#28 244.4 Collecting pydantic<3,>=2.5 (from -r requirements.txt (line 6))
#28 244.5   Downloading pydantic-2.13.5-py3-none-any.whl.metadata (110 kB)
#28 245.0 Collecting pytest>=8.0 (from -r requirements.txt (line 7))
#28 245.1   Downloading pytest-9.1.1-py3-none-any.whl.metadata (7.6 kB)
#28 245.2 Collecting httpx>=0.27 (from -r requirements.txt (line 8))
#28 245.3   Downloading httpx-0.28.1-py3-none-any.whl.metadata (7.1 kB)
#28 245.4 Collecting annotated-types>=0.6.0 (from pydantic<3,>=2.5->-r requirements.txt (line 6))
#28 245.5   Downloading annotated_types-0.8.0-py3-none-any.whl.metadata (15 kB)
#28 250.4 Collecting pydantic-core==2.46.5 (from pydantic<3,>=2.5->-r requirements.txt (line 6))
#28 250.6   Downloading pydantic_core-2.46.5-cp314-cp314-musllinux_1_1_x86_64.whl.metadata (6.6 kB)
#28 250.7 Collecting typing-extensions>=4.14.1 (from pydantic<3,>=2.5->-r requirements.txt (line 6))
#28 250.7   Downloading typing_extensions-4.16.0-py3-none-any.whl.metadata (3.3 kB)
#28 250.8 Collecting typing-inspection>=0.4.2 (from pydantic<3,>=2.5->-r requirements.txt (line 6))
#28 250.9   Downloading typing_inspection-0.4.4-py3-none-any.whl.metadata (2.6 kB)
#28 251.3 Collecting starlette>=0.46.0 (from fastapi>=0.100.0->-r requirements.txt (line 1))
#28 251.4   Downloading starlette-1.6.0-py3-none-any.whl.metadata (6.4 kB)
#28 251.5 Collecting annotated-doc>=0.0.2 (from fastapi>=0.100.0->-r requirements.txt (line 1))
#28 251.6   Downloading annotated_doc-0.0.5-py3-none-any.whl.metadata (6.5 kB)
#28 251.8 Collecting click>=7.0 (from uvicorn>=0.23.0->uvicorn[standard]>=0.23.0->-r requirements.txt (line 2))
#28 251.9   Downloading click-8.5.0-py3-none-any.whl.metadata (2.6 kB)
#28 252.0 Collecting h11>=0.8 (from uvicorn>=0.23.0->uvicorn[standard]>=0.23.0->-r requirements.txt (line 2))
#28 252.1   Downloading h11-0.16.0-py3-none-any.whl.metadata (8.3 kB)
#28 253.3 Collecting scipy>=1.10.0 (from scikit-learn>=1.3.0->-r requirements.txt (line 3))
#28 253.3   Downloading scipy-1.18.1-cp314-cp314-musllinux_1_2_x86_64.whl.metadata (62 kB)
#28 253.7 Collecting joblib>=1.4.0 (from scikit-learn>=1.3.0->-r requirements.txt (line 3))
#28 253.8   Downloading joblib-1.5.3-py3-none-any.whl.metadata (5.5 kB)
#28 254.2 Collecting narwhals>=2.0.1 (from scikit-learn>=1.3.0->-r requirements.txt (line 3))
#28 254.3   Downloading narwhals-2.25.0-py3-none-any.whl.metadata (15 kB)
#28 254.5 Collecting threadpoolctl>=3.5.0 (from scikit-learn>=1.3.0->-r requirements.txt (line 3))
#28 254.5   Downloading threadpoolctl-3.6.0-py3-none-any.whl.metadata (13 kB)
#28 254.7 Collecting python-dateutil>=2.8.2 (from pandas>=2.1.0->-r requirements.txt (line 4))
#28 254.7   Downloading python_dateutil-2.9.0.post0-py2.py3-none-any.whl.metadata (8.4 kB)
#28 254.8 Collecting iniconfig>=1.0.1 (from pytest>=8.0->-r requirements.txt (line 7))
#28 254.9   Downloading iniconfig-2.3.0-py3-none-any.whl.metadata (2.5 kB)
#28 255.1 Collecting packaging>=22 (from pytest>=8.0->-r requirements.txt (line 7))
#28 255.1   Downloading packaging-26.3-py3-none-any.whl.metadata (3.5 kB)
#28 255.2 Collecting pluggy<2,>=1.5 (from pytest>=8.0->-r requirements.txt (line 7))
#28 255.3   Downloading pluggy-1.6.0-py3-none-any.whl.metadata (4.8 kB)
#28 255.5 Collecting pygments>=2.7.2 (from pytest>=8.0->-r requirements.txt (line 7))
#28 255.6   Downloading pygments-2.21.0-py3-none-any.whl.metadata (2.5 kB)
#28 255.7 Collecting anyio (from httpx>=0.27->-r requirements.txt (line 8))
#28 255.8   Downloading anyio-4.14.2-py3-none-any.whl.metadata (4.6 kB)
#28 256.0 Collecting certifi (from httpx>=0.27->-r requirements.txt (line 8))
#28 256.1   Downloading certifi-2026.7.22-py3-none-any.whl.metadata (2.5 kB)
#28 256.2 Collecting httpcore==1.* (from httpx>=0.27->-r requirements.txt (line 8))
#28 256.3   Downloading httpcore-1.0.9-py3-none-any.whl.metadata (21 kB)
#28 256.4 Collecting idna (from httpx>=0.27->-r requirements.txt (line 8))
#28 256.5   Downloading idna-3.19-py3-none-any.whl.metadata (9.2 kB)
#28 256.6 Collecting six>=1.5 (from python-dateutil>=2.8.2->pandas>=2.1.0->-r requirements.txt (line 4))
#28 256.9   Downloading six-1.17.0-py2.py3-none-any.whl.metadata (1.7 kB)
#28 257.2 Collecting httptools>=0.8.0 (from uvicorn[standard]>=0.23.0->-r requirements.txt (line 2))
#28 257.3   Downloading httptools-0.8.0-cp314-cp314-musllinux_1_2_x86_64.whl.metadata (3.5 kB)
#28 257.4 Collecting python-dotenv>=0.13 (from uvicorn[standard]>=0.23.0->-r requirements.txt (line 2))
#28 257.5   Downloading python_dotenv-1.2.3-py3-none-any.whl.metadata (29 kB)
#28 257.9 Collecting pyyaml>=5.1 (from uvicorn[standard]>=0.23.0->-r requirements.txt (line 2))
#28 257.9   Downloading pyyaml-6.0.3-cp314-cp314-musllinux_1_2_x86_64.whl.metadata (2.4 kB)
#28 258.2 Collecting uvloop>=0.15.1 (from uvicorn[standard]>=0.23.0->-r requirements.txt (line 2))
#28 258.3   Downloading uvloop-0.22.1-cp314-cp314-musllinux_1_2_x86_64.whl.metadata (4.9 kB)
#28 259.1 Collecting watchfiles>=0.20 (from uvicorn[standard]>=0.23.0->-r requirements.txt (line 2))
#28 259.2   Downloading watchfiles-1.2.0-cp314-cp314-musllinux_1_1_x86_64.whl.metadata (4.9 kB)
#28 260.7 Collecting websockets>=13.0 (from uvicorn[standard]>=0.23.0->-r requirements.txt (line 2))
#28 260.7   Downloading websockets-17.1-cp314-cp314-musllinux_1_2_x86_64.whl.metadata (6.3 kB)
#28 260.8 Downloading pydantic-2.13.5-py3-none-any.whl (472 kB)
#28 262.3 Downloading pydantic_core-2.46.5-cp314-cp314-musllinux_1_1_x86_64.whl (2.3 MB)
#28 272.5    ΓöüΓöüΓöüΓöüΓöüΓöüΓöüΓöüΓöüΓöüΓöüΓöüΓöüΓöüΓöüΓöüΓöüΓöüΓöüΓöüΓöüΓöüΓöüΓöüΓöüΓöüΓöüΓöüΓöüΓöüΓöüΓöüΓöüΓöüΓöüΓöüΓöüΓöüΓöüΓöü 2.3/2.3 MB 242.6 kB/s  0:00:10
#28 272.6 Downloading fastapi-0.141.1-py3-none-any.whl (131 kB)
#28 273.0 Downloading uvicorn-0.52.4-py3-none-any.whl (79 kB)
#28 273.3 Downloading pandas-3.0.5-cp314-cp314-musllinux_1_2_x86_64.whl (12.0 MB)
#28 326.4    ΓöüΓöüΓöüΓöüΓöüΓöüΓöüΓöüΓöüΓöüΓöüΓöüΓöüΓöüΓöüΓöüΓöüΓöüΓöüΓöüΓöüΓöüΓöüΓöüΓöüΓöüΓöüΓöüΓöüΓöüΓöüΓöüΓöüΓöüΓöüΓöüΓöüΓöüΓöüΓöü 12.0/12.0 MB 247.9 kB/s  0:00:53
#28 326.4 Downloading numpy-2.5.2-cp314-cp314-musllinux_1_2_x86_64.whl (18.5 MB)
#28 416.2    ΓöüΓöüΓöüΓöüΓöüΓöüΓöüΓöüΓöüΓöüΓöüΓöüΓöüΓöüΓöüΓöüΓöüΓöüΓöüΓöüΓöüΓöüΓöüΓöüΓöüΓöüΓöüΓöüΓöüΓöüΓöüΓöüΓöüΓöüΓöüΓöüΓöüΓöüΓöüΓöü 18.5/18.5 MB 201.1 kB/s  0:01:29
#28 416.3 Downloading pytest-9.1.1-py3-none-any.whl (386 kB)
#28 417.9 Downloading pluggy-1.6.0-py3-none-any.whl (20 kB)
#28 418.0 Downloading httpx-0.28.1-py3-none-any.whl (73 kB)
#28 418.4 Downloading httpcore-1.0.9-py3-none-any.whl (78 kB)
#28 418.7 Downloading annotated_doc-0.0.5-py3-none-any.whl (5.3 kB)
#28 418.8 Downloading annotated_types-0.8.0-py3-none-any.whl (13 kB)
#28 418.9 Downloading click-8.5.0-py3-none-any.whl (125 kB)
#28 419.3 Downloading h11-0.16.0-py3-none-any.whl (37 kB)
#28 419.5 Downloading iniconfig-2.3.0-py3-none-any.whl (7.5 kB)
#28 419.6 Downloading joblib-1.5.3-py3-none-any.whl (309 kB)
#28 420.7 Downloading narwhals-2.25.0-py3-none-any.whl (467 kB)
#28 423.2 Downloading packaging-26.3-py3-none-any.whl (129 kB)
#28 424.0 Downloading pygments-2.21.0-py3-none-any.whl (1.3 MB)
#28 428.9    ΓöüΓöüΓöüΓöüΓöüΓöüΓöüΓöüΓöüΓöüΓöüΓöüΓöüΓöüΓöüΓöüΓöüΓöüΓöüΓöüΓöüΓöüΓöüΓöüΓöüΓöüΓöüΓöüΓöüΓöüΓöüΓöüΓöüΓöüΓöüΓöüΓöüΓöüΓöüΓöü 1.3/1.3 MB 256.5 kB/s  0:00:04
#28 429.0 Downloading python_dateutil-2.9.0.post0-py2.py3-none-any.whl (229 kB)
#28 430.3 Downloading scipy-1.18.1-cp314-cp314-musllinux_1_2_x86_64.whl (37.5 MB)
